[  105776ms] [ERROR] Failed to load resource: net::ERR_CONNECTION_REFUSED @ http://localhost:3107/blog/onion-powder-for-food-manufacturing-what-to-specify?_rsc=gIAB2TkNpNZOZpkT:0
[  106042ms] [ERROR] Failed to load resource: net::ERR_CONNECTION_REFUSED @ http://localhost:3107/blog/keeping-onion-powder-free-flowing-in-storage-and-transit?_rsc=gIAB2TkNpNZOZpkT:0
[  106158ms] [ERROR] Failed to load resource: net::ERR_CONNECTION_REFUSED @ http://localhost:3107/blog/onion-powder-in-seasonings-sauces-and-ready-meals?_rsc=gIAB2TkNpNZOZpkT:0
[  106325ms] [ERROR] Failed to load resource: net::ERR_CONNECTION_REFUSED @ http://localhost:3107/blog/turmeric-powder-quality-colour-curcumin-and-purity?_rsc=gIAB2TkNpNZOZpkT:0
[  106608ms] [ERROR] Failed to load resource: net::ERR_CONNECTION_REFUSED @ http://localhost:3107/blog/how-turmeric-rhizomes-become-fine-golden-powder?_rsc=gIAB2TkNpNZOZpkT:0
[  106960ms] [ERROR] Failed to load resource: net::ERR_CONNECTION_REFUSED @ http://localhost:3107/blog/turmeric-powder-in-spice-blends-food-colouring-and-beverages?_rsc=gIAB2TkNpNZOZpkT:0
[  107060ms] [ERROR] Failed to load resource: net::ERR_CONNECTION_REFUSED @ http://localhost:3107/blog/fresh-onion-export-guide-quality-grading-storage-and-buyer-requirements?_rsc=gIAB2TkNpNZOZpkT:0
[  107111ms] [ERROR] Failed to load resource: net::ERR_CONNECTION_REFUSED @ http://localhost:3107/blog/ventilation-and-curing-keeping-onions-sound-in-transit?_rsc=gIAB2TkNpNZOZpkT:0
[  107209ms] [ERROR] Failed to load resource: net::ERR_CONNECTION_REFUSED @ http://localhost:3107/blog/red-pink-and-white-onions-choosing-the-right-type?_rsc=gIAB2TkNpNZOZpkT:0
[  107381ms] [ERROR] Failed to load resource: net::ERR_CONNECTION_REFUSED @ http://localhost:3107/blog/fresh-garlic-buying-guide-grades-bulb-size-packaging-and-export-supply?_rsc=gIAB2TkNpNZOZpkT:0
[  107529ms] [ERROR] Failed to load resource: net::ERR_CONNECTION_REFUSED @ http://localhost:3107/blog/how-to-store-fresh-garlic-prevent-sprouting-and-maintain-quality?_rsc=gIAB2TkNpNZOZpkT:0
[  107660ms] [ERROR] Failed to load resource: net::ERR_CONNECTION_REFUSED @ http://localhost:3107/blog/fresh-garlic-for-food-processing-applications-forms-and-handling?_rsc=gIAB2TkNpNZOZpkT:0
[  107660ms] [ERROR] Failed to load resource: net::ERR_CONNECTION_REFUSED @ http://localhost:3107/blog/elephant-foot-yam-what-importers-should-look-for?_rsc=gIAB2TkNpNZOZpkT:0
[  107745ms] [ERROR] Failed to load resource: net::ERR_CONNECTION_REFUSED @ http://localhost:3107/blog/handling-and-storing-elephant-yam-for-long-journeys?_rsc=gIAB2TkNpNZOZpkT:0
[  107880ms] [ERROR] Failed to load resource: net::ERR_CONNECTION_REFUSED @ http://localhost:3107/blog/elephant-yam-in-curries-chips-and-ethnic-retail?_rsc=gIAB2TkNpNZOZpkT:0
[  107926ms] [ERROR] Failed to load resource: net::ERR_CONNECTION_REFUSED @ http://localhost:3107/blog/choosing-export-quality-cabbage-head-weight-and-compactness?_rsc=gIAB2TkNpNZOZpkT:0
[  107978ms] [ERROR] Failed to load resource: net::ERR_CONNECTION_REFUSED @ http://localhost:3107/blog/keeping-cabbage-crisp-with-cool-chain-handling?_rsc=gIAB2TkNpNZOZpkT:0
[  108009ms] [ERROR] Failed to load resource: net::ERR_CONNECTION_REFUSED @ http://localhost:3107/blog/cabbage-for-salads-coleslaw-and-food-processing?_rsc=gIAB2TkNpNZOZpkT:0
[  108094ms] [ERROR] Failed to load resource: net::ERR_CONNECTION_REFUSED @ http://localhost:3107/blog/fresh-cucumber-sourcing-length-straightness-and-colour?_rsc=gIAB2TkNpNZOZpkT:0
[  108194ms] [ERROR] Failed to load resource: net::ERR_CONNECTION_REFUSED @ http://localhost:3107/blog/why-cucumbers-need-careful-temperature-control?_rsc=gIAB2TkNpNZOZpkT:0
[  108261ms] [ERROR] Failed to load resource: net::ERR_CONNECTION_REFUSED @ http://localhost:3107/blog/cucumbers-for-salads-pickling-and-fresh-cut-lines?_rsc=gIAB2TkNpNZOZpkT:0
[  108293ms] [ERROR] Failed to load resource: net::ERR_CONNECTION_REFUSED @ http://localhost:3107/blog/green-chilli-export-guide-pungency-length-and-freshness?_rsc=gIAB2TkNpNZOZpkT:0
[  108344ms] [ERROR] Failed to load resource: net::ERR_CONNECTION_REFUSED @ http://localhost:3107/blog/how-to-store-fresh-green-chillies-temperature-handling-and-shelf-life?_rsc=gIAB2TkNpNZOZpkT:0
[  108399ms] [ERROR] Failed to load resource: net::ERR_CONNECTION_REFUSED @ http://localhost:3107/blog/green-chillies-in-sauces-pickles-and-food-processing?_rsc=gIAB2TkNpNZOZpkT:0
[  108493ms] [ERROR] Failed to load resource: net::ERR_CONNECTION_REFUSED @ http://localhost:3107/blog/frozen-green-peas-size-grading-colour-and-iqf-quality?_rsc=gIAB2TkNpNZOZpkT:0
[  108595ms] [ERROR] Failed to load resource: net::ERR_CONNECTION_REFUSED @ http://localhost:3107/blog/maintaining-the-cold-chain-for-frozen-peas?_rsc=gIAB2TkNpNZOZpkT:0
[  108628ms] [ERROR] Failed to load resource: net::ERR_CONNECTION_REFUSED @ http://localhost:3107/blog/frozen-peas-in-ready-meals-food-service-and-retail-packs?_rsc=gIAB2TkNpNZOZpkT:0
[  108663ms] [ERROR] Failed to load resource: net::ERR_CONNECTION_REFUSED @ http://localhost:3107/blog/selecting-tender-okra-for-export-length-and-freshness?_rsc=gIAB2TkNpNZOZpkT:0
[  108730ms] [ERROR] Failed to load resource: net::ERR_CONNECTION_REFUSED @ http://localhost:3107/blog/handling-okra-gently-to-avoid-bruising-and-browning?_rsc=gIAB2TkNpNZOZpkT:0
[  108795ms] [ERROR] Failed to load resource: net::ERR_CONNECTION_REFUSED @ http://localhost:3107/blog/okra-in-curries-gumbo-and-frozen-food-lines?_rsc=gIAB2TkNpNZOZpkT:0
[  108979ms] [ERROR] Failed to load resource: net::ERR_CONNECTION_REFUSED @ http://localhost:3107/blog/bitter-gourd-quality-ridges-colour-and-firmness?_rsc=gIAB2TkNpNZOZpkT:0
[  109130ms] [ERROR] Failed to load resource: net::ERR_CONNECTION_REFUSED @ http://localhost:3107/blog/slowing-ripening-storing-bitter-gourd-for-shipment?_rsc=gIAB2TkNpNZOZpkT:0
[  109181ms] [ERROR] Failed to load resource: net::ERR_CONNECTION_REFUSED @ http://localhost:3107/blog/bitter-gourd-in-asian-cooking-and-juices?_rsc=gIAB2TkNpNZOZpkT:0
[  109195ms] [ERROR] Failed to load resource: net::ERR_CONNECTION_REFUSED @ http://localhost:3107/blog/eggplant-export-guide-gloss-shape-and-firmness?_rsc=gIAB2TkNpNZOZpkT:0
[  109235ms] [ERROR] Failed to load resource: net::ERR_CONNECTION_REFUSED @ http://localhost:3107/blog/protecting-eggplant-from-chilling-injury-in-transit?_rsc=gIAB2TkNpNZOZpkT:0
[  109317ms] [ERROR] Failed to load resource: net::ERR_CONNECTION_REFUSED @ http://localhost:3107/blog/round-long-and-baby-eggplant-matching-variety-to-market?_rsc=gIAB2TkNpNZOZpkT:0
[  109378ms] [ERROR] Failed to load resource: net::ERR_CONNECTION_REFUSED @ http://localhost:3107/blog/fresh-drumsticks-pod-length-tenderness-and-colour?_rsc=gIAB2TkNpNZOZpkT:0
[  109511ms] [ERROR] Failed to load resource: net::ERR_CONNECTION_REFUSED @ http://localhost:3107/blog/keeping-drumsticks-fresh-from-farm-to-market?_rsc=gIAB2TkNpNZOZpkT:0
[  109529ms] [ERROR] Failed to load resource: net::ERR_CONNECTION_REFUSED @ http://localhost:3107/blog/drumsticks-in-sambar-curries-and-frozen-packs?_rsc=gIAB2TkNpNZOZpkT:0
[  109579ms] [ERROR] Failed to load resource: net::ERR_CONNECTION_REFUSED @ http://localhost:3107/blog/fresh-green-beans-snap-straightness-and-size-grading?_rsc=gIAB2TkNpNZOZpkT:0
[  109595ms] [ERROR] Failed to load resource: net::ERR_CONNECTION_REFUSED @ http://localhost:3107/blog/pre-cooling-green-beans-for-longer-freshness?_rsc=gIAB2TkNpNZOZpkT:0
[  109673ms] [ERROR] Failed to load resource: net::ERR_CONNECTION_REFUSED @ http://localhost:3107/blog/green-beans-for-retail-food-service-and-freezing?_rsc=gIAB2TkNpNZOZpkT:0
[  109912ms] [ERROR] Failed to load resource: net::ERR_CONNECTION_REFUSED @ http://localhost:3107/blog/banana-export-guide-finger-length-grade-and-maturity?_rsc=gIAB2TkNpNZOZpkT:0
[  110009ms] [ERROR] Failed to load resource: net::ERR_CONNECTION_REFUSED @ http://localhost:3107/blog/green-shipping-and-controlled-ripening-for-bananas?_rsc=gIAB2TkNpNZOZpkT:0
[  110009ms] [ERROR] Failed to load resource: net::ERR_CONNECTION_REFUSED @ http://localhost:3107/blog/cavendish-robusta-and-red-bananas-choosing-for-your-market?_rsc=gIAB2TkNpNZOZpkT:0
[  110062ms] [ERROR] Failed to load resource: net::ERR_CONNECTION_REFUSED @ http://localhost:3107/blog/table-grapes-from-india-berry-size-sugar-and-colour?_rsc=gIAB2TkNpNZOZpkT:0
[  110146ms] [ERROR] Failed to load resource: net::ERR_CONNECTION_REFUSED @ http://localhost:3107/blog/cold-storage-and-packing-that-keep-grapes-fresh?_rsc=gIAB2TkNpNZOZpkT:0
[  110279ms] [ERROR] Failed to load resource: net::ERR_CONNECTION_REFUSED @ http://localhost:3107/blog/seedless-green-black-and-red-grapes-what-buyers-prefer?_rsc=gIAB2TkNpNZOZpkT:0
[  110294ms] [ERROR] Failed to load resource: net::ERR_CONNECTION_REFUSED @ http://localhost:3107/blog/pomegranate-export-quality-aril-colour-size-and-skin?_rsc=gIAB2TkNpNZOZpkT:0
[  110313ms] [ERROR] Failed to load resource: net::ERR_CONNECTION_REFUSED @ http://localhost:3107/blog/why-pomegranates-travel-well-and-how-to-keep-them-fresh?_rsc=gIAB2TkNpNZOZpkT:0
[  110363ms] [ERROR] Failed to load resource: net::ERR_CONNECTION_REFUSED @ http://localhost:3107/blog/pomegranates-for-fresh-retail-arils-and-juice?_rsc=gIAB2TkNpNZOZpkT:0
[  110463ms] [ERROR] Failed to load resource: net::ERR_CONNECTION_REFUSED @ http://localhost:3107/blog/sourcing-oranges-juice-content-peel-and-size?_rsc=gIAB2TkNpNZOZpkT:0
[  110518ms] [ERROR] Failed to load resource: net::ERR_CONNECTION_REFUSED @ http://localhost:3107/blog/storing-oranges-to-preserve-juiciness-and-peel-quality?_rsc=gIAB2TkNpNZOZpkT:0
[  110744ms] [ERROR] Failed to load resource: net::ERR_CONNECTION_REFUSED @ http://localhost:3107/blog/oranges-for-the-fruit-bowl-juice-bars-and-processing?_rsc=gIAB2TkNpNZOZpkT:0
[  110746ms] [ERROR] Failed to load resource: net::ERR_CONNECTION_REFUSED @ http://localhost:3107/blog/chikoo-sapota-export-guide-maturity-and-sweetness?_rsc=gIAB2TkNpNZOZpkT:0
[  110746ms] [ERROR] Failed to load resource: net::ERR_CONNECTION_REFUSED @ http://localhost:3107/blog/handling-chikoo-a-delicate-fruit-that-ripens-fast?_rsc=gIAB2TkNpNZOZpkT:0
[  110776ms] [ERROR] Failed to load resource: net::ERR_CONNECTION_REFUSED @ http://localhost:3107/blog/chikoo-in-milkshakes-desserts-and-ice-cream?_rsc=gIAB2TkNpNZOZpkT:0
[  110869ms] [ERROR] Failed to load resource: net::ERR_CONNECTION_REFUSED @ http://localhost:3107/blog/papaya-export-guide-colour-break-weight-and-firmness?_rsc=gIAB2TkNpNZOZpkT:0
[  110923ms] [ERROR] Failed to load resource: net::ERR_CONNECTION_REFUSED @ http://localhost:3107/blog/shipping-papaya-temperature-ripening-and-handling?_rsc=gIAB2TkNpNZOZpkT:0
[  111027ms] [ERROR] Failed to load resource: net::ERR_CONNECTION_REFUSED @ http://localhost:3107/blog/papaya-for-fresh-retail-fruit-salads-and-pulp?_rsc=gIAB2TkNpNZOZpkT:0
[  111097ms] [ERROR] Failed to load resource: net::ERR_CONNECTION_REFUSED @ http://localhost:3107/blog/guava-sourcing-white-vs-pink-flesh-size-and-aroma?_rsc=gIAB2TkNpNZOZpkT:0
[  111151ms] [ERROR] Failed to load resource: net::ERR_CONNECTION_REFUSED @ http://localhost:3107/blog/extending-guava-shelf-life-with-careful-post-harvest-care?_rsc=gIAB2TkNpNZOZpkT:0
[  111151ms] [ERROR] Failed to load resource: net::ERR_CONNECTION_REFUSED @ http://localhost:3107/blog/guava-in-juices-jams-and-fresh-retail?_rsc=gIAB2TkNpNZOZpkT:0
[  111226ms] [ERROR] Failed to load resource: net::ERR_CONNECTION_REFUSED @ http://localhost:3107/blog/dried-red-chilli-export-guide-heat-colour-and-stem?_rsc=gIAB2TkNpNZOZpkT:0
[  111293ms] [ERROR] Failed to load resource: net::ERR_CONNECTION_REFUSED @ http://localhost:3107/blog/teja-byadgi-and-guntur-understanding-indian-chilli-varieties?_rsc=gIAB2TkNpNZOZpkT:0
[  111379ms] [ERROR] Failed to load resource: net::ERR_CONNECTION_REFUSED @ http://localhost:3107/blog/storing-dried-chillies-to-protect-colour-and-prevent-mould?_rsc=gIAB2TkNpNZOZpkT:0
[  125436ms] [ERROR] Failed to load resource: net::ERR_CONNECTION_REFUSED @ http://localhost:3107/blog/storing-dried-chillies-to-protect-colour-and-prevent-mould?_rsc=gIAB2TkNpNZOZpkT:0
